tests/test_contract_opcodes.py::TestContractOpcodes::test_contract_input_output[map_mem_string.tz-(Pair {} None)-"bar"-(Pair {} (Some False))]

storage
  (Pair {} (Some False))
emitted operations
  
big_map diff
  
trace
  - location: 11 (remaining gas: 1039987.606 units remaining)
    [ (Pair "bar" {} None)  	 ]
  - location: 12 (remaining gas: 1039987.196 units remaining)
    [ "bar"  	@parameter
      (Pair {} None)  	@storage
      Unit  	 ]
  - location: 13 (remaining gas: 1039987.196 units remaining)
    [ (Pair {} None)  	@storage
      Unit  	 ]
  - location: 15 (remaining gas: 1039987.196 units remaining)
    [ {}  	
      Unit  	 ]
  - location: 16 (remaining gas: 1039987.196 units remaining)
    [ {}  	
      {}  	
      Unit  	 ]
  - location: -1 (remaining gas: 1039987.196 units remaining)
    [ {}  	
      {}  	
      Unit  	 ]
  - location: 14 (remaining gas: 1039987.196 units remaining)
    [ "bar"  	@parameter
      {}  	
      {}  	
      Unit  	 ]
  - location: 17 (remaining gas: 1039987.116 units remaining)
    [ False  	
      {}  	
      Unit  	 ]
  - location: 18 (remaining gas: 1039987.036 units remaining)
    [ (Some False)  	
      {}  	
      Unit  	 ]
  - location: 19 (remaining gas: 1039986.966 units remaining)
    [ {}  	
      (Some False)  	
      Unit  	 ]
  - location: 20 (remaining gas: 1039986.886 units remaining)
    [ (Pair {} (Some False))  	
      Unit  	 ]
  - location: 21 (remaining gas: 1039986.806 units remaining)
    [ {}  	
      (Pair {} (Some False))  	
      Unit  	 ]
  - location: 23 (remaining gas: 1039986.726 units remaining)
    [ (Pair {} {} (Some False))  	
      Unit  	 ]
  - location: -1 (remaining gas: 1039986.656 units remaining)
    [ (Pair {} {} (Some False))  	
      Unit  	 ]

