tests/test_contract_opcodes.py::TestContractOpcodes::test_contract_input_output[set_iter.tz-111-{}-0]

storage
  0
emitted operations
  
big_map diff
  
trace
  - location: 7 (remaining gas: 1039991.780 units remaining)
    [ (Pair {} 111)  	 ]
  - location: 8 (remaining gas: 1039991.700 units remaining)
    [ {}  	@parameter
      Unit  	 ]
  - location: 9 (remaining gas: 1039991.620 units remaining)
    [ 0  	
      {}  	@parameter
      Unit  	 ]
  - location: 12 (remaining gas: 1039991.550 units remaining)
    [ {}  	@parameter
      0  	
      Unit  	 ]
  - location: 13 (remaining gas: 1039991.470 units remaining)
    [ 0  	
      Unit  	 ]
  - location: 14 (remaining gas: 1039991.470 units remaining)
    [ 0  	
      Unit  	 ]
  - location: 16 (remaining gas: 1039991.390 units remaining)
    [ {}  	
      0  	
      Unit  	 ]
  - location: 18 (remaining gas: 1039991.310 units remaining)
    [ (Pair {} 0)  	
      Unit  	 ]
  - location: -1 (remaining gas: 1039991.240 units remaining)
    [ (Pair {} 0)  	
      Unit  	 ]

