tests/test_contract_opcodes.py::TestContractOpcodes::test_contract_input_output[bls12_381_z_fr_int.tz-0x0100000000000000000000000000000000000000000000000000000000000000-2-0x0200000000000000000000000000000000000000000000000000000000000000]

storage
  0x0200000000000000000000000000000000000000000000000000000000000000
emitted operations
  
big_map diff
  
trace
  - location: 6 (remaining gas: 1039993.940 units remaining)
    [ (Pair 2 0x0100000000000000000000000000000000000000000000000000000000000000)  	 ]
  - location: 7 (remaining gas: 1039993.860 units remaining)
    [ 2  	@parameter
      0x0100000000000000000000000000000000000000000000000000000000000000  	@storage
      Unit  	 ]
  - location: 8 (remaining gas: 1039993.790 units remaining)
    [ 0x0100000000000000000000000000000000000000000000000000000000000000  	@storage
      2  	@parameter
      Unit  	 ]
  - location: 9 (remaining gas: 1039993.400 units remaining)
    [ 0x0200000000000000000000000000000000000000000000000000000000000000  	
      Unit  	 ]
  - location: 10 (remaining gas: 1039993.320 units remaining)
    [ {}  	
      0x0200000000000000000000000000000000000000000000000000000000000000  	
      Unit  	 ]
  - location: 12 (remaining gas: 1039993.240 units remaining)
    [ (Pair {} 0x0200000000000000000000000000000000000000000000000000000000000000)  	
      Unit  	 ]
  - location: -1 (remaining gas: 1039993.170 units remaining)
    [ (Pair {} 0x0200000000000000000000000000000000000000000000000000000000000000)  	
      Unit  	 ]

