tests/test_contract_opcodes.py::TestContractOpcodes::test_contract_input_output[get_and_update_map.tz-(Pair None {})-"hello"-(Pair None {})]

storage
  (Pair None {})
emitted operations
  
big_map diff
  
trace
  - location: 11 (remaining gas: 1039989.811 units remaining)
    [ (Pair "hello" None {})  	 ]
  - location: 13 (remaining gas: 1039989.731 units remaining)
    [ "hello"  	@parameter
      (Pair None {})  	@storage
      Unit  	 ]
  - location: 14 (remaining gas: 1039989.631 units remaining)
    [ (Pair None {})  	@storage
      Unit  	 ]
  - location: 16 (remaining gas: 1039989.551 units remaining)
    [ None  	
      {}  	
      Unit  	 ]
  - location: 15 (remaining gas: 1039989.481 units remaining)
    [ None  	
      {}  	
      Unit  	 ]
  - location: 15 (remaining gas: 1039989.481 units remaining)
    [ None  	
      {}  	
      Unit  	 ]
  - location: 15 (remaining gas: 1039989.401 units remaining)
    [ "hello"  	@parameter
      None  	
      {}  	
      Unit  	 ]
  - location: -1 (remaining gas: 1039989.331 units remaining)
    [ "hello"  	@parameter
      None  	
      {}  	
      Unit  	 ]
  - location: 17 (remaining gas: 1039989.171 units remaining)
    [ None  	
      {}  	
      Unit  	 ]
  - location: 18 (remaining gas: 1039989.091 units remaining)
    [ (Pair None {})  	
      Unit  	 ]
  - location: 19 (remaining gas: 1039989.011 units remaining)
    [ {}  	
      (Pair None {})  	
      Unit  	 ]
  - location: 21 (remaining gas: 1039988.931 units remaining)
    [ (Pair {} None {})  	
      Unit  	 ]
  - location: -1 (remaining gas: 1039988.861 units remaining)
    [ (Pair {} None {})  	
      Unit  	 ]

