tests/test_contract_opcodes.py::TestContractOpcodes::test_contract_input_output[self_with_entrypoint.tz-Unit-Left (Left 0)-Unit]

storage
  Unit
emitted operations
  
big_map diff
  
trace
  - location: 12 (remaining gas: 1039953.950 units remaining)
    [ (Pair (Left (Left 0)) Unit)  	 ]
  - location: 13 (remaining gas: 1039953.390 units remaining)
    [ Unit  	 ]
  - location: 14 (remaining gas: 1039953.390 units remaining)
    [ "KT1BEqzn5Wx8uJrZNvuS9DVHmLvG9td3fDLi%A"  	@self
      Unit  	 ]
  - location: 15 (remaining gas: 1039922.550 units remaining)
    [ 0x050a00000017011d23c1d3d2f8a4ea5e8784b8f7ecf2ad304c0fe60041  	@Apacked
      Unit  	 ]
  - location: 16 (remaining gas: 1039922.550 units remaining)
    [ "KT1BEqzn5Wx8uJrZNvuS9DVHmLvG9td3fDLi"  	@self
      0x050a00000017011d23c1d3d2f8a4ea5e8784b8f7ecf2ad304c0fe60041  	@Apacked
      Unit  	 ]
  - location: 17 (remaining gas: 1039891.710 units remaining)
    [ 0x050a00000016011d23c1d3d2f8a4ea5e8784b8f7ecf2ad304c0fe600  	@defpacked
      0x050a00000017011d23c1d3d2f8a4ea5e8784b8f7ecf2ad304c0fe60041  	@Apacked
      Unit  	 ]
  - location: 18 (remaining gas: 1039891.710 units remaining)
    [ 0x050a00000016011d23c1d3d2f8a4ea5e8784b8f7ecf2ad304c0fe600  	@defpacked
      0x050a00000016011d23c1d3d2f8a4ea5e8784b8f7ecf2ad304c0fe600  	@defpacked
      0x050a00000017011d23c1d3d2f8a4ea5e8784b8f7ecf2ad304c0fe60041  	@Apacked
      Unit  	 ]
  - location: 19 (remaining gas: 1039891.710 units remaining)
    [ 0x050a00000016011d23c1d3d2f8a4ea5e8784b8f7ecf2ad304c0fe600  	@defpacked
      0x050a00000017011d23c1d3d2f8a4ea5e8784b8f7ecf2ad304c0fe60041  	@Apacked
      Unit  	 ]
  - location: 21 (remaining gas: 1039891.710 units remaining)
    [ 0x050a00000017011d23c1d3d2f8a4ea5e8784b8f7ecf2ad304c0fe60041  	@Apacked
      0x050a00000016011d23c1d3d2f8a4ea5e8784b8f7ecf2ad304c0fe600  	@defpacked
      Unit  	 ]
  - location: 20 (remaining gas: 1039891.710 units remaining)
    [ 0x050a00000017011d23c1d3d2f8a4ea5e8784b8f7ecf2ad304c0fe60041  	@Apacked
      0x050a00000016011d23c1d3d2f8a4ea5e8784b8f7ecf2ad304c0fe600  	@defpacked
      Unit  	 ]
  - location: 20 (remaining gas: 1039891.710 units remaining)
    [ 0x050a00000016011d23c1d3d2f8a4ea5e8784b8f7ecf2ad304c0fe600  	@defpacked
      0x050a00000017011d23c1d3d2f8a4ea5e8784b8f7ecf2ad304c0fe60041  	@Apacked
      0x050a00000016011d23c1d3d2f8a4ea5e8784b8f7ecf2ad304c0fe600  	@defpacked
      Unit  	 ]
  - location: 24 (remaining gas: 1039891.590 units remaining)
    [ -1  	
      0x050a00000016011d23c1d3d2f8a4ea5e8784b8f7ecf2ad304c0fe600  	@defpacked
      Unit  	 ]
  - location: 25 (remaining gas: 1039891.510 units remaining)
    [ True  	
      0x050a00000016011d23c1d3d2f8a4ea5e8784b8f7ecf2ad304c0fe600  	@defpacked
      Unit  	 ]
  - location: -1 (remaining gas: 1039891.440 units remaining)
    [ True  	
      0x050a00000016011d23c1d3d2f8a4ea5e8784b8f7ecf2ad304c0fe600  	@defpacked
      Unit  	 ]
  - location: 26 (remaining gas: 1039891.380 units remaining)
    [ 0x050a00000016011d23c1d3d2f8a4ea5e8784b8f7ecf2ad304c0fe600  	@defpacked
      Unit  	 ]
  - location: 27 (remaining gas: 1039891.310 units remaining)
    [ 0x050a00000016011d23c1d3d2f8a4ea5e8784b8f7ecf2ad304c0fe600  	@defpacked
      Unit  	 ]
  - location: -1 (remaining gas: 1039891.240 units remaining)
    [ 0x050a00000016011d23c1d3d2f8a4ea5e8784b8f7ecf2ad304c0fe600  	@defpacked
      Unit  	 ]
  - location: 32 (remaining gas: 1039891.160 units remaining)
    [ "KT1BEqzn5Wx8uJrZNvuS9DVHmLvG9td3fDLi"  	@self
      0x050a00000016011d23c1d3d2f8a4ea5e8784b8f7ecf2ad304c0fe600  	@defpacked
      Unit  	 ]
  - location: 33 (remaining gas: 1039860.320 units remaining)
    [ 0x050a00000016011d23c1d3d2f8a4ea5e8784b8f7ecf2ad304c0fe600  	@selfpacked
      0x050a00000016011d23c1d3d2f8a4ea5e8784b8f7ecf2ad304c0fe600  	@defpacked
      Unit  	 ]
  - location: 36 (remaining gas: 1039860.200 units remaining)
    [ 0  	
      Unit  	 ]
  - location: 37 (remaining gas: 1039860.120 units remaining)
    [ True  	
      Unit  	 ]
  - location: -1 (remaining gas: 1039860.050 units remaining)
    [ True  	
      Unit  	 ]
  - location: 38 (remaining gas: 1039859.990 units remaining)
    [ Unit  	 ]
  - location: 39 (remaining gas: 1039859.920 units remaining)
    [ Unit  	 ]
  - location: -1 (remaining gas: 1039859.850 units remaining)
    [ Unit  	 ]
  - location: 44 (remaining gas: 1039859.770 units remaining)
    [ "KT1BEqzn5Wx8uJrZNvuS9DVHmLvG9td3fDLi%A"  	@self
      Unit  	 ]
  - location: 45 (remaining gas: 1039859.700 units remaining)
    [ "KT1BEqzn5Wx8uJrZNvuS9DVHmLvG9td3fDLi%A"  	@self
      Unit  	 ]
  - location: 48 (remaining gas: 1039859.620 units remaining)
    [ Unit  	 ]
  - location: 49 (remaining gas: 1039859.540 units remaining)
    [ "KT1BEqzn5Wx8uJrZNvuS9DVHmLvG9td3fDLi%B"  	@self
      Unit  	 ]
  - location: 50 (remaining gas: 1039859.470 units remaining)
    [ "KT1BEqzn5Wx8uJrZNvuS9DVHmLvG9td3fDLi%B"  	@self
      Unit  	 ]
  - location: 53 (remaining gas: 1039859.390 units remaining)
    [ Unit  	 ]
  - location: 54 (remaining gas: 1039859.310 units remaining)
    [ "KT1BEqzn5Wx8uJrZNvuS9DVHmLvG9td3fDLi%maybe_C"  	@self
      Unit  	 ]
  - location: 55 (remaining gas: 1039859.240 units remaining)
    [ "KT1BEqzn5Wx8uJrZNvuS9DVHmLvG9td3fDLi%maybe_C"  	@self
      Unit  	 ]
  - location: 60 (remaining gas: 1039859.160 units remaining)
    [ Unit  	 ]
  - location: 61 (remaining gas: 1039859.080 units remaining)
    [ "KT1BEqzn5Wx8uJrZNvuS9DVHmLvG9td3fDLi%Z"  	@self
      Unit  	 ]
  - location: 62 (remaining gas: 1039859.010 units remaining)
    [ "KT1BEqzn5Wx8uJrZNvuS9DVHmLvG9td3fDLi%Z"  	@self
      Unit  	 ]
  - location: 65 (remaining gas: 1039858.930 units remaining)
    [ Unit  	 ]
  - location: 66 (remaining gas: 1039858.850 units remaining)
    [ "KT1BEqzn5Wx8uJrZNvuS9DVHmLvG9td3fDLi"  	@self
      Unit  	 ]
  - location: 67 (remaining gas: 1039858.780 units remaining)
    [ "KT1BEqzn5Wx8uJrZNvuS9DVHmLvG9td3fDLi"  	@self
      Unit  	 ]
  - location: 76 (remaining gas: 1039858.700 units remaining)
    [ Unit  	 ]
  - location: 77 (remaining gas: 1039858.620 units remaining)
    [ "KT1BEqzn5Wx8uJrZNvuS9DVHmLvG9td3fDLi"  	@self
      Unit  	 ]
  - location: 78 (remaining gas: 1039858.550 units remaining)
    [ "KT1BEqzn5Wx8uJrZNvuS9DVHmLvG9td3fDLi"  	@self
      Unit  	 ]
  - location: 87 (remaining gas: 1039858.470 units remaining)
    [ Unit  	 ]
  - location: 88 (remaining gas: 1039858.390 units remaining)
    [ Unit  	
      Unit  	 ]
  - location: 89 (remaining gas: 1039858.310 units remaining)
    [ {}  	
      Unit  	
      Unit  	 ]
  - location: 91 (remaining gas: 1039858.230 units remaining)
    [ (Pair {} Unit)  	
      Unit  	 ]
  - location: -1 (remaining gas: 1039858.160 units remaining)
    [ (Pair {} Unit)  	
      Unit  	 ]

