tests/test_contract_opcodes.py::TestContractOpcodes::test_contract_input_output[get_and_update_map.tz-(Pair (Some 5) { Elt "hello" 4 })-"hello"-(Pair (Some 4) { Elt "hello" 5 })]

storage
  (Pair (Some 4) { Elt "hello" 5 })
emitted operations
  
big_map diff
  
trace
  - location: 11 (remaining gas: 1039988.947 units remaining)
    [ (Pair "hello" (Some 5) { Elt "hello" 4 })  	 ]
  - location: 13 (remaining gas: 1039988.617 units remaining)
    [ "hello"  	@parameter
      (Pair (Some 5) { Elt "hello" 4 })  	@storage
      Unit  	 ]
  - location: 14 (remaining gas: 1039988.617 units remaining)
    [ (Pair (Some 5) { Elt "hello" 4 })  	@storage
      Unit  	 ]
  - location: 16 (remaining gas: 1039988.617 units remaining)
    [ (Some 5)  	
      { Elt "hello" 4 }  	
      Unit  	 ]
  - location: 15 (remaining gas: 1039988.617 units remaining)
    [ (Some 5)  	
      { Elt "hello" 4 }  	
      Unit  	 ]
  - location: 15 (remaining gas: 1039988.617 units remaining)
    [ "hello"  	@parameter
      (Some 5)  	
      { Elt "hello" 4 }  	
      Unit  	 ]
  - location: -1 (remaining gas: 1039988.547 units remaining)
    [ "hello"  	@parameter
      (Some 5)  	
      { Elt "hello" 4 }  	
      Unit  	 ]
  - location: 17 (remaining gas: 1039988.387 units remaining)
    [ (Some 4)  	
      { Elt "hello" 5 }  	
      Unit  	 ]
  - location: 18 (remaining gas: 1039988.307 units remaining)
    [ (Pair (Some 4) { Elt "hello" 5 })  	
      Unit  	 ]
  - location: 19 (remaining gas: 1039988.227 units remaining)
    [ {}  	
      (Pair (Some 4) { Elt "hello" 5 })  	
      Unit  	 ]
  - location: 21 (remaining gas: 1039988.147 units remaining)
    [ (Pair {} (Some 4) { Elt "hello" 5 })  	
      Unit  	 ]
  - location: -1 (remaining gas: 1039988.077 units remaining)
    [ (Pair {} (Some 4) { Elt "hello" 5 })  	
      Unit  	 ]

