tests/test_contract_opcodes.py::TestContractOpcodes::test_contract_input_output[or_binary.tz-None-(Pair 4 8)-(Some 12)]

storage
  (Some 12)
emitted operations
  
big_map diff
  
trace
  - location: 9 (remaining gas: 1039992.120 units remaining)
    [ (Pair (Pair 4 8) None)  	 ]
  - location: 10 (remaining gas: 1039992.040 units remaining)
    [ (Pair 4 8)  	@parameter
      Unit  	 ]
  - location: 11 (remaining gas: 1039991.960 units remaining)
    [ 4  	
      8  	
      Unit  	 ]
  - location: 12 (remaining gas: 1039991.880 units remaining)
    [ 12  	
      Unit  	 ]
  - location: 13 (remaining gas: 1039991.800 units remaining)
    [ (Some 12)  	
      Unit  	 ]
  - location: 14 (remaining gas: 1039991.720 units remaining)
    [ {}  	
      (Some 12)  	
      Unit  	 ]
  - location: 16 (remaining gas: 1039991.640 units remaining)
    [ (Pair {} (Some 12))  	
      Unit  	 ]
  - location: -1 (remaining gas: 1039991.570 units remaining)
    [ (Pair {} (Some 12))  	
      Unit  	 ]

