tests/test_contract_opcodes.py::TestContractOpcodes::test_contract_input_output[mutez_to_bls12_381_fr.tz-0x02-16-0x1000000000000000000000000000000000000000000000000000000000000000]

storage
  0x1000000000000000000000000000000000000000000000000000000000000000
emitted operations
  
big_map diff
  
trace
  - location: 6 (remaining gas: 1039986.695 units remaining)
    [ (Pair 16 0x0200000000000000000000000000000000000000000000000000000000000000)  	 ]
  - location: 7 (remaining gas: 1039986.265 units remaining)
    [ 16  	@parameter
      Unit  	 ]
  - location: 8 (remaining gas: 1039986.265 units remaining)
    [ 1  	
      16  	@parameter
      Unit  	 ]
  - location: 11 (remaining gas: 1039986.265 units remaining)
    [ 16  	@parameter
      1  	
      Unit  	 ]
  - location: 12 (remaining gas: 1039986.265 units remaining)
    [ (Some (Pair 16 0))  	
      Unit  	 ]
  - location: 14 (remaining gas: 1039986.185 units remaining)
    [ (Pair 16 0)  	@some
      Unit  	 ]
  - location: 19 (remaining gas: 1039985.265 units remaining)
    [ (Pair 16 0)  	@some
      Unit  	 ]
  - location: 13 (remaining gas: 1039985.265 units remaining)
    [ (Pair 16 0)  	@some
      Unit  	 ]
  - location: 20 (remaining gas: 1039985.265 units remaining)
    [ 16  	
      Unit  	 ]
  - location: 21 (remaining gas: 1039985.265 units remaining)
    [ 0x0100000000000000000000000000000000000000000000000000000000000000  	
      16  	
      Unit  	 ]
  - location: 24 (remaining gas: 1039985.265 units remaining)
    [ 0x1000000000000000000000000000000000000000000000000000000000000000  	
      Unit  	 ]
  - location: 25 (remaining gas: 1039985.265 units remaining)
    [ {}  	
      0x1000000000000000000000000000000000000000000000000000000000000000  	
      Unit  	 ]
  - location: 27 (remaining gas: 1039985.265 units remaining)
    [ (Pair {} 0x1000000000000000000000000000000000000000000000000000000000000000)  	
      Unit  	 ]
  - location: -1 (remaining gas: 1039985.265 units remaining)
    [ (Pair {} 0x1000000000000000000000000000000000000000000000000000000000000000)  	
      Unit  	 ]

