tests/test_contract_opcodes.py::TestContractOpcodes::test_contract_input_output[add_timestamp_delta.tz-None-(Pair 100 -100)-(Some "1970-01-01T00:00:00Z")]

storage
  (Some "1970-01-01T00:00:00Z")
emitted operations
  
big_map diff
  
trace
  - location: 9 (remaining gas: 1039989.150 units remaining)
    [ (Pair (Pair "1970-01-01T00:01:40Z" -100) None)  	 ]
  - location: 10 (remaining gas: 1039989.070 units remaining)
    [ (Pair "1970-01-01T00:01:40Z" -100)  	@parameter
      Unit  	 ]
  - location: 11 (remaining gas: 1039988.990 units remaining)
    [ (Pair "1970-01-01T00:01:40Z" -100)  	@parameter
      (Pair "1970-01-01T00:01:40Z" -100)  	@parameter
      Unit  	 ]
  - location: 12 (remaining gas: 1039988.910 units remaining)
    [ "1970-01-01T00:01:40Z"  	
      (Pair "1970-01-01T00:01:40Z" -100)  	@parameter
      Unit  	 ]
  - location: 13 (remaining gas: 1039988.810 units remaining)
    [ (Pair "1970-01-01T00:01:40Z" -100)  	@parameter
      Unit  	 ]
  - location: 15 (remaining gas: 1039988.730 units remaining)
    [ -100  	
      Unit  	 ]
  - location: 14 (remaining gas: 1039988.660 units remaining)
    [ -100  	
      Unit  	 ]
  - location: 14 (remaining gas: 1039988.660 units remaining)
    [ -100  	
      Unit  	 ]
  - location: 14 (remaining gas: 1039988.580 units remaining)
    [ "1970-01-01T00:01:40Z"  	
      -100  	
      Unit  	 ]
  - location: 16 (remaining gas: 1039988.500 units remaining)
    [ "1970-01-01T00:00:00Z"  	
      Unit  	 ]
  - location: 17 (remaining gas: 1039988.420 units remaining)
    [ (Some "1970-01-01T00:00:00Z")  	
      Unit  	 ]
  - location: 18 (remaining gas: 1039988.340 units remaining)
    [ {}  	
      (Some "1970-01-01T00:00:00Z")  	
      Unit  	 ]
  - location: 20 (remaining gas: 1039988.260 units remaining)
    [ (Pair {} (Some "1970-01-01T00:00:00Z"))  	
      Unit  	 ]
  - location: -1 (remaining gas: 1039988.190 units remaining)
    [ (Pair {} (Some "1970-01-01T00:00:00Z"))  	
      Unit  	 ]

