tests/test_contract_opcodes.py::TestContractOpcodes::test_contract_input_output[chain_id_store.tz-None-Unit-(Some "NetXdQprcVkpaWU")]

storage
  (Some "NetXdQprcVkpaWU")
emitted operations
  
big_map diff
  
trace
  - location: 7 (remaining gas: 1039993.690 units remaining)
    [ (Pair Unit None)  	 ]
  - location: 8 (remaining gas: 1039993.220 units remaining)
    [ Unit  	 ]
  - location: 9 (remaining gas: 1039993.220 units remaining)
    [ "NetXdQprcVkpaWU"  	
      Unit  	 ]
  - location: 10 (remaining gas: 1039993.220 units remaining)
    [ (Some "NetXdQprcVkpaWU")  	
      Unit  	 ]
  - location: 11 (remaining gas: 1039993.220 units remaining)
    [ {}  	
      (Some "NetXdQprcVkpaWU")  	
      Unit  	 ]
  - location: 13 (remaining gas: 1039993.220 units remaining)
    [ (Pair {} (Some "NetXdQprcVkpaWU"))  	
      Unit  	 ]
  - location: -1 (remaining gas: 1039993.220 units remaining)
    [ (Pair {} (Some "NetXdQprcVkpaWU"))  	
      Unit  	 ]

