tests/test_contract_opcodes.py::TestContractOpcodes::test_contract_input_output[not.tz-None-True-(Some False)]

storage
  (Some False)
emitted operations
  
big_map diff
  
trace
  - location: 7 (remaining gas: 1039993.690 units remaining)
    [ (Pair True None)  	 ]
  - location: 8 (remaining gas: 1039993.210 units remaining)
    [ True  	@parameter
      Unit  	 ]
  - location: 9 (remaining gas: 1039993.210 units remaining)
    [ False  	
      Unit  	 ]
  - location: 10 (remaining gas: 1039993.210 units remaining)
    [ (Some False)  	
      Unit  	 ]
  - location: 11 (remaining gas: 1039993.210 units remaining)
    [ {}  	
      (Some False)  	
      Unit  	 ]
  - location: 13 (remaining gas: 1039993.210 units remaining)
    [ (Pair {} (Some False))  	
      Unit  	 ]
  - location: -1 (remaining gas: 1039993.210 units remaining)
    [ (Pair {} (Some False))  	
      Unit  	 ]

