tests/test_contract_opcodes.py::TestContractOpcodes::test_contract_input_output[bls12_381_z_fr_int.tz-0x8578be1766f92cd82c5e5135c374a03a8562e263ea953a3f9711b0153b7fcf2d-17180093072794558806177035834397932205917577288483739652510482486858834123369-0xfaa60dacea8e26112e524d379720fe4f95fbc5a26f1b1a67e229e26ddecbf221]

storage
  0xfaa60dacea8e26112e524d379720fe4f95fbc5a26f1b1a67e229e26ddecbf221
emitted operations
  
big_map diff
  
trace
  - location: 6 (remaining gas: 1039993.940 units remaining)
    [ (Pair 17180093072794558806177035834397932205917577288483739652510482486858834123369
            0x8578be1766f92cd82c5e5135c374a03a8562e263ea953a3f9711b0153b7fcf2d)  	 ]
  - location: 7 (remaining gas: 1039993.860 units remaining)
    [ 17180093072794558806177035834397932205917577288483739652510482486858834123369  	@parameter
      0x8578be1766f92cd82c5e5135c374a03a8562e263ea953a3f9711b0153b7fcf2d  	@storage
      Unit  	 ]
  - location: 8 (remaining gas: 1039993.790 units remaining)
    [ 0x8578be1766f92cd82c5e5135c374a03a8562e263ea953a3f9711b0153b7fcf2d  	@storage
      17180093072794558806177035834397932205917577288483739652510482486858834123369  	@parameter
      Unit  	 ]
  - location: 9 (remaining gas: 1039993.400 units remaining)
    [ 0xfaa60dacea8e26112e524d379720fe4f95fbc5a26f1b1a67e229e26ddecbf221  	
      Unit  	 ]
  - location: 10 (remaining gas: 1039993.320 units remaining)
    [ {}  	
      0xfaa60dacea8e26112e524d379720fe4f95fbc5a26f1b1a67e229e26ddecbf221  	
      Unit  	 ]
  - location: 12 (remaining gas: 1039993.240 units remaining)
    [ (Pair {} 0xfaa60dacea8e26112e524d379720fe4f95fbc5a26f1b1a67e229e26ddecbf221)  	
      Unit  	 ]
  - location: -1 (remaining gas: 1039993.170 units remaining)
    [ (Pair {} 0xfaa60dacea8e26112e524d379720fe4f95fbc5a26f1b1a67e229e26ddecbf221)  	
      Unit  	 ]

