tests/test_contract_opcodes.py::TestContractOpcodes::test_contract_input_output[concat_list.tz-""-{ "a" ; "b" ; "c" }-"abc"]

storage
  "abc"
emitted operations
  
big_map diff
  
trace
  - location: 7 (remaining gas: 1039986.030 units remaining)
    [ (Pair { "a" ; "b" ; "c" } "")  	 ]
  - location: 8 (remaining gas: 1039985.800 units remaining)
    [ { "a" ; "b" ; "c" }  	@parameter
      Unit  	 ]
  - location: 9 (remaining gas: 1039985.800 units remaining)
    [ ""  	
      { "a" ; "b" ; "c" }  	@parameter
      Unit  	 ]
  - location: 12 (remaining gas: 1039985.800 units remaining)
    [ { "a" ; "b" ; "c" }  	@parameter
      ""  	
      Unit  	 ]
  - location: 15 (remaining gas: 1039984.809 units remaining)
    [ ""  	
      "a"  	@parameter.elt
      Unit  	 ]
  - location: 16 (remaining gas: 1039984.809 units remaining)
    [ "a"  	@parameter.elt
      Unit  	 ]
  - location: 18 (remaining gas: 1039984.809 units remaining)
    [ {}  	
      "a"  	@parameter.elt
      Unit  	 ]
  - location: 20 (remaining gas: 1039984.809 units remaining)
    [ "a"  	@parameter.elt
      {}  	
      Unit  	 ]
  - location: 21 (remaining gas: 1039984.809 units remaining)
    [ { "a" }  	
      Unit  	 ]
  - location: -1 (remaining gas: 1039984.809 units remaining)
    [ { "a" }  	
      Unit  	 ]
  - location: 17 (remaining gas: 1039984.809 units remaining)
    [ ""  	
      { "a" }  	
      Unit  	 ]
  - location: 22 (remaining gas: 1039984.729 units remaining)
    [ { "" ; "a" }  	
      Unit  	 ]
  - location: 23 (remaining gas: 1039984.609 units remaining)
    [ "a"  	
      Unit  	 ]
  - location: -1 (remaining gas: 1039984.539 units remaining)
    [ "a"  	
      Unit  	 ]
  - location: 15 (remaining gas: 1039984.069 units remaining)
    [ "a"  	
      "b"  	@parameter.elt
      Unit  	 ]
  - location: 16 (remaining gas: 1039984.069 units remaining)
    [ "b"  	@parameter.elt
      Unit  	 ]
  - location: 18 (remaining gas: 1039984.069 units remaining)
    [ {}  	
      "b"  	@parameter.elt
      Unit  	 ]
  - location: 20 (remaining gas: 1039984.069 units remaining)
    [ "b"  	@parameter.elt
      {}  	
      Unit  	 ]
  - location: 21 (remaining gas: 1039984.069 units remaining)
    [ { "b" }  	
      Unit  	 ]
  - location: -1 (remaining gas: 1039984.069 units remaining)
    [ { "b" }  	
      Unit  	 ]
  - location: 17 (remaining gas: 1039984.069 units remaining)
    [ "a"  	
      { "b" }  	
      Unit  	 ]
  - location: 22 (remaining gas: 1039983.989 units remaining)
    [ { "a" ; "b" }  	
      Unit  	 ]
  - location: 23 (remaining gas: 1039983.869 units remaining)
    [ "ab"  	
      Unit  	 ]
  - location: -1 (remaining gas: 1039983.799 units remaining)
    [ "ab"  	
      Unit  	 ]
  - location: 15 (remaining gas: 1039983.329 units remaining)
    [ "ab"  	
      "c"  	@parameter.elt
      Unit  	 ]
  - location: 16 (remaining gas: 1039983.329 units remaining)
    [ "c"  	@parameter.elt
      Unit  	 ]
  - location: 18 (remaining gas: 1039983.329 units remaining)
    [ {}  	
      "c"  	@parameter.elt
      Unit  	 ]
  - location: 20 (remaining gas: 1039983.329 units remaining)
    [ "c"  	@parameter.elt
      {}  	
      Unit  	 ]
  - location: 21 (remaining gas: 1039983.329 units remaining)
    [ { "c" }  	
      Unit  	 ]
  - location: -1 (remaining gas: 1039983.329 units remaining)
    [ { "c" }  	
      Unit  	 ]
  - location: 17 (remaining gas: 1039983.329 units remaining)
    [ "ab"  	
      { "c" }  	
      Unit  	 ]
  - location: 22 (remaining gas: 1039983.249 units remaining)
    [ { "ab" ; "c" }  	
      Unit  	 ]
  - location: 23 (remaining gas: 1039983.129 units remaining)
    [ "abc"  	
      Unit  	 ]
  - location: -1 (remaining gas: 1039983.059 units remaining)
    [ "abc"  	
      Unit  	 ]
  - location: 24 (remaining gas: 1039982.829 units remaining)
    [ {}  	
      "abc"  	
      Unit  	 ]
  - location: 26 (remaining gas: 1039982.829 units remaining)
    [ (Pair {} "abc")  	
      Unit  	 ]
  - location: -1 (remaining gas: 1039982.829 units remaining)
    [ (Pair {} "abc")  	
      Unit  	 ]

