tests/test_contract_opcodes.py::TestContractOpcodes::test_contract_input_output[map_iter.tz-(Pair 0 0)-{ Elt 0 100 ; Elt 2 100 }-(Pair 2 200)]

storage
  (Pair 2 200)
emitted operations
  
big_map diff
  
trace
  - location: 10 (remaining gas: 1039975.900 units remaining)
    [ (Pair { Elt 0 100 ; Elt 2 100 } 0 0)  	 ]
  - location: 11 (remaining gas: 1039975.510 units remaining)
    [ { Elt 0 100 ; Elt 2 100 }  	@parameter
      Unit  	 ]
  - location: 12 (remaining gas: 1039975.510 units remaining)
    [ 0  	@acc_e
      { Elt 0 100 ; Elt 2 100 }  	@parameter
      Unit  	 ]
  - location: 15 (remaining gas: 1039975.510 units remaining)
    [ 0  	@acc_k
      0  	@acc_e
      { Elt 0 100 ; Elt 2 100 }  	@parameter
      Unit  	 ]
  - location: 18 (remaining gas: 1039975.510 units remaining)
    [ (Pair 0 0)  	
      { Elt 0 100 ; Elt 2 100 }  	@parameter
      Unit  	 ]
  - location: 19 (remaining gas: 1039975.510 units remaining)
    [ { Elt 0 100 ; Elt 2 100 }  	@parameter
      (Pair 0 0)  	
      Unit  	 ]
  - location: 22 (remaining gas: 1039975.250 units remaining)
    [ (Pair 0 0)  	
      Unit  	 ]
  - location: 24 (remaining gas: 1039975.170 units remaining)
    [ (Pair 0 0)  	
      (Pair 0 0)  	
      Unit  	 ]
  - location: 25 (remaining gas: 1039975.090 units remaining)
    [ 0  	@acc_k
      (Pair 0 0)  	
      Unit  	 ]
  - location: 26 (remaining gas: 1039974.990 units remaining)
    [ (Pair 0 0)  	
      Unit  	 ]
  - location: 28 (remaining gas: 1039974.910 units remaining)
    [ 0  	@acc_e
      Unit  	 ]
  - location: 27 (remaining gas: 1039974.840 units remaining)
    [ 0  	@acc_e
      Unit  	 ]
  - location: 27 (remaining gas: 1039974.760 units remaining)
    [ 0  	@acc_k
      0  	@acc_e
      Unit  	 ]
  - location: -1 (remaining gas: 1039974.690 units remaining)
    [ 0  	@acc_k
      0  	@acc_e
      Unit  	 ]
  - location: 23 (remaining gas: 1039974.610 units remaining)
    [ (Pair 0 100)  	
      0  	@acc_k
      0  	@acc_e
      Unit  	 ]
  - location: 29 (remaining gas: 1039974.530 units remaining)
    [ (Pair 0 100)  	
      (Pair 0 100)  	
      0  	@acc_k
      0  	@acc_e
      Unit  	 ]
  - location: 30 (remaining gas: 1039974.430 units remaining)
    [ (Pair 0 100)  	
      0  	@acc_k
      0  	@acc_e
      Unit  	 ]
  - location: 32 (remaining gas: 1039974.350 units remaining)
    [ 0  	@key
      0  	@acc_k
      0  	@acc_e
      Unit  	 ]
  - location: 33 (remaining gas: 1039974.270 units remaining)
    [ 0  	
      0  	@acc_e
      Unit  	 ]
  - location: -1 (remaining gas: 1039974.200 units remaining)
    [ 0  	
      0  	@acc_e
      Unit  	 ]
  - location: 31 (remaining gas: 1039974.120 units remaining)
    [ (Pair 0 100)  	
      0  	
      0  	@acc_e
      Unit  	 ]
  - location: 34 (remaining gas: 1039974.050 units remaining)
    [ 0  	
      (Pair 0 100)  	
      0  	@acc_e
      Unit  	 ]
  - location: 35 (remaining gas: 1039973.950 units remaining)
    [ (Pair 0 100)  	
      0  	@acc_e
      Unit  	 ]
  - location: 37 (remaining gas: 1039973.870 units remaining)
    [ 100  	@elt
      0  	@acc_e
      Unit  	 ]
  - location: 38 (remaining gas: 1039973.790 units remaining)
    [ 100  	
      Unit  	 ]
  - location: -1 (remaining gas: 1039973.720 units remaining)
    [ 100  	
      Unit  	 ]
  - location: 36 (remaining gas: 1039973.640 units remaining)
    [ 0  	
      100  	
      Unit  	 ]
  - location: 39 (remaining gas: 1039973.560 units remaining)
    [ (Pair 0 100)  	
      Unit  	 ]
  - location: -1 (remaining gas: 1039973.490 units remaining)
    [ (Pair 0 100)  	
      Unit  	 ]
  - location: 22 (remaining gas: 1039973.390 units remaining)
    [ (Pair 0 100)  	
      Unit  	 ]
  - location: 24 (remaining gas: 1039973.310 units remaining)
    [ (Pair 0 100)  	
      (Pair 0 100)  	
      Unit  	 ]
  - location: 25 (remaining gas: 1039973.230 units remaining)
    [ 0  	@acc_k
      (Pair 0 100)  	
      Unit  	 ]
  - location: 26 (remaining gas: 1039973.130 units remaining)
    [ (Pair 0 100)  	
      Unit  	 ]
  - location: 28 (remaining gas: 1039973.050 units remaining)
    [ 100  	@acc_e
      Unit  	 ]
  - location: 27 (remaining gas: 1039972.980 units remaining)
    [ 100  	@acc_e
      Unit  	 ]
  - location: 27 (remaining gas: 1039972.900 units remaining)
    [ 0  	@acc_k
      100  	@acc_e
      Unit  	 ]
  - location: -1 (remaining gas: 1039972.830 units remaining)
    [ 0  	@acc_k
      100  	@acc_e
      Unit  	 ]
  - location: 23 (remaining gas: 1039972.750 units remaining)
    [ (Pair 2 100)  	
      0  	@acc_k
      100  	@acc_e
      Unit  	 ]
  - location: 29 (remaining gas: 1039972.670 units remaining)
    [ (Pair 2 100)  	
      (Pair 2 100)  	
      0  	@acc_k
      100  	@acc_e
      Unit  	 ]
  - location: 30 (remaining gas: 1039972.570 units remaining)
    [ (Pair 2 100)  	
      0  	@acc_k
      100  	@acc_e
      Unit  	 ]
  - location: 32 (remaining gas: 1039972.490 units remaining)
    [ 2  	@key
      0  	@acc_k
      100  	@acc_e
      Unit  	 ]
  - location: 33 (remaining gas: 1039972.410 units remaining)
    [ 2  	
      100  	@acc_e
      Unit  	 ]
  - location: -1 (remaining gas: 1039972.340 units remaining)
    [ 2  	
      100  	@acc_e
      Unit  	 ]
  - location: 31 (remaining gas: 1039972.260 units remaining)
    [ (Pair 2 100)  	
      2  	
      100  	@acc_e
      Unit  	 ]
  - location: 34 (remaining gas: 1039972.190 units remaining)
    [ 2  	
      (Pair 2 100)  	
      100  	@acc_e
      Unit  	 ]
  - location: 35 (remaining gas: 1039972.090 units remaining)
    [ (Pair 2 100)  	
      100  	@acc_e
      Unit  	 ]
  - location: 37 (remaining gas: 1039972.010 units remaining)
    [ 100  	@elt
      100  	@acc_e
      Unit  	 ]
  - location: 38 (remaining gas: 1039971.930 units remaining)
    [ 200  	
      Unit  	 ]
  - location: -1 (remaining gas: 1039971.860 units remaining)
    [ 200  	
      Unit  	 ]
  - location: 36 (remaining gas: 1039971.780 units remaining)
    [ 2  	
      200  	
      Unit  	 ]
  - location: 39 (remaining gas: 1039971.700 units remaining)
    [ (Pair 2 200)  	
      Unit  	 ]
  - location: -1 (remaining gas: 1039971.630 units remaining)
    [ (Pair 2 200)  	
      Unit  	 ]
  - location: 40 (remaining gas: 1039971.400 units remaining)
    [ {}  	
      (Pair 2 200)  	
      Unit  	 ]
  - location: 42 (remaining gas: 1039971.400 units remaining)
    [ (Pair {} 2 200)  	
      Unit  	 ]
  - location: -1 (remaining gas: 1039971.400 units remaining)
    [ (Pair {} 2 200)  	
      Unit  	 ]

