tests/test_contract_opcodes.py::TestContractOpcodes::test_contract_input_output[map_mem_nat.tz-(Pair { Elt 0 1 } None)-1-(Pair { Elt 0 1 } (Some False))]

storage
  (Pair { Elt 0 1 } (Some False))
emitted operations
  
big_map diff
  
trace
  - location: 11 (remaining gas: 1039987.090 units remaining)
    [ (Pair 1 { Elt 0 1 } None)  	 ]
  - location: 12 (remaining gas: 1039987.010 units remaining)
    [ 1  	@parameter
      (Pair { Elt 0 1 } None)  	@storage
      Unit  	 ]
  - location: 13 (remaining gas: 1039986.910 units remaining)
    [ (Pair { Elt 0 1 } None)  	@storage
      Unit  	 ]
  - location: 15 (remaining gas: 1039986.830 units remaining)
    [ { Elt 0 1 }  	
      Unit  	 ]
  - location: 16 (remaining gas: 1039986.750 units remaining)
    [ { Elt 0 1 }  	
      { Elt 0 1 }  	
      Unit  	 ]
  - location: -1 (remaining gas: 1039986.680 units remaining)
    [ { Elt 0 1 }  	
      { Elt 0 1 }  	
      Unit  	 ]
  - location: 14 (remaining gas: 1039986.680 units remaining)
    [ { Elt 0 1 }  	
      { Elt 0 1 }  	
      Unit  	 ]
  - location: 14 (remaining gas: 1039986.600 units remaining)
    [ 1  	@parameter
      { Elt 0 1 }  	
      { Elt 0 1 }  	
      Unit  	 ]
  - location: 17 (remaining gas: 1039986.520 units remaining)
    [ False  	
      { Elt 0 1 }  	
      Unit  	 ]
  - location: 18 (remaining gas: 1039986.440 units remaining)
    [ (Some False)  	
      { Elt 0 1 }  	
      Unit  	 ]
  - location: 19 (remaining gas: 1039986.370 units remaining)
    [ { Elt 0 1 }  	
      (Some False)  	
      Unit  	 ]
  - location: 20 (remaining gas: 1039986.290 units remaining)
    [ (Pair { Elt 0 1 } (Some False))  	
      Unit  	 ]
  - location: 21 (remaining gas: 1039986.210 units remaining)
    [ {}  	
      (Pair { Elt 0 1 } (Some False))  	
      Unit  	 ]
  - location: 23 (remaining gas: 1039986.130 units remaining)
    [ (Pair {} { Elt 0 1 } (Some False))  	
      Unit  	 ]
  - location: -1 (remaining gas: 1039986.060 units remaining)
    [ (Pair {} { Elt 0 1 } (Some False))  	
      Unit  	 ]

