tests/test_contract_opcodes.py::TestContractOpcodes::test_contract_input_output[create_contract.tz-None-Unit-(Some "KT1Mjjcb6tmSsLm7Cb3DSQszePjfchPM4Uxm")]

storage
  (Some "KT1Mjjcb6tmSsLm7Cb3DSQszePjfchPM4Uxm")
emitted operations
  Internal origination:
    From: KT1BEqzn5Wx8uJrZNvuS9DVHmLvG9td3fDLi
    Credit: êœ©0.05
    Script:
      { parameter unit ; storage unit ; code { CDR ; NIL operation ; PAIR } }
      Initial storage: Unit
      No delegate for this contract
  big_map diff
    
  trace
    - location: 7 (remaining gas: 1039985.320 units remaining)
      [ (Pair Unit None)  	 ]
    - location: 8 (remaining gas: 1039985.240 units remaining)
      [ Unit  	 ]
    - location: 9 (remaining gas: 1039985.160 units remaining)
      [ Unit  	
        Unit  	 ]
    - location: 10 (remaining gas: 1039985.080 units remaining)
      [ 50000  	@amount
        Unit  	
        Unit  	 ]
    - location: 11 (remaining gas: 1039985 units remaining)
      [ None  	
        50000  	@amount
        Unit  	
        Unit  	 ]
    - location: 13 (remaining gas: 1039983.480 units remaining)
      [ 0x011d23c1d3d2f8a4ea5e8784b8f7ecf2ad304c0fe600000002d08603000000001c02000000170500036c0501036c050202000000080317053d036d034200000002030b  	
        "KT1Mjjcb6tmSsLm7Cb3DSQszePjfchPM4Uxm"  	
        Unit  	 ]
    - location: 25 (remaining gas: 1039983.380 units remaining)
      [ "KT1Mjjcb6tmSsLm7Cb3DSQszePjfchPM4Uxm"  	
        Unit  	 ]
    - location: 27 (remaining gas: 1039983.300 units remaining)
      [ (Some "KT1Mjjcb6tmSsLm7Cb3DSQszePjfchPM4Uxm")  	
        Unit  	 ]
    - location: 28 (remaining gas: 1039983.220 units remaining)
      [ {}  	
        (Some "KT1Mjjcb6tmSsLm7Cb3DSQszePjfchPM4Uxm")  	
        Unit  	 ]
    - location: -1 (remaining gas: 1039983.150 units remaining)
      [ {}  	
        (Some "KT1Mjjcb6tmSsLm7Cb3DSQszePjfchPM4Uxm")  	
        Unit  	 ]
    - location: 26 (remaining gas: 1039983.150 units remaining)
      [ {}  	
        (Some "KT1Mjjcb6tmSsLm7Cb3DSQszePjfchPM4Uxm")  	
        Unit  	 ]
    - location: 26 (remaining gas: 1039983.070 units remaining)
      [ 0x011d23c1d3d2f8a4ea5e8784b8f7ecf2ad304c0fe600000002d08603000000001c02000000170500036c0501036c050202000000080317053d036d034200000002030b  	
        {}  	
        (Some "KT1Mjjcb6tmSsLm7Cb3DSQszePjfchPM4Uxm")  	
        Unit  	 ]
    - location: 30 (remaining gas: 1039982.990 units remaining)
      [ { 0x011d23c1d3d2f8a4ea5e8784b8f7ecf2ad304c0fe600000002d08603000000001c02000000170500036c0501036c050202000000080317053d036d034200000002030b }  	
        (Some "KT1Mjjcb6tmSsLm7Cb3DSQszePjfchPM4Uxm")  	
        Unit  	 ]
    - location: 31 (remaining gas: 1039982.910 units remaining)
      [ (Pair { 0x011d23c1d3d2f8a4ea5e8784b8f7ecf2ad304c0fe600000002d08603000000001c02000000170500036c0501036c050202000000080317053d036d034200000002030b }
              (Some "KT1Mjjcb6tmSsLm7Cb3DSQszePjfchPM4Uxm"))  	
        Unit  	 ]
    - location: -1 (remaining gas: 1039982.840 units remaining)
      [ (Pair { 0x011d23c1d3d2f8a4ea5e8784b8f7ecf2ad304c0fe600000002d08603000000001c02000000170500036c0501036c050202000000080317053d036d034200000002030b }
              (Some "KT1Mjjcb6tmSsLm7Cb3DSQszePjfchPM4Uxm"))  	
        Unit  	 ]

