tests/test_contract_opcodes.py::TestContractOpcodes::test_contract_input_output[list_concat.tz-"abc"-{}-"abc"]

storage
  "abc"
emitted operations
  
big_map diff
  
trace
  - location: 7 (remaining gas: 1039992.896 units remaining)
    [ (Pair {} "abc")  	 ]
  - location: 8 (remaining gas: 1039992.816 units remaining)
    [ {}  	@parameter
      "abc"  	@storage
      Unit  	 ]
  - location: 9 (remaining gas: 1039992.746 units remaining)
    [ "abc"  	@storage
      {}  	@parameter
      Unit  	 ]
  - location: 10 (remaining gas: 1039992.666 units remaining)
    [ { "abc" }  	
      Unit  	 ]
  - location: 11 (remaining gas: 1039992.556 units remaining)
    [ "abc"  	
      Unit  	 ]
  - location: 12 (remaining gas: 1039992.476 units remaining)
    [ {}  	
      "abc"  	
      Unit  	 ]
  - location: 14 (remaining gas: 1039992.396 units remaining)
    [ (Pair {} "abc")  	
      Unit  	 ]
  - location: -1 (remaining gas: 1039992.326 units remaining)
    [ (Pair {} "abc")  	
      Unit  	 ]

