tests/test_contract_opcodes.py::TestContractOpcodes::test_balance[1]

storage
  1000000
emitted operations
  
big_map diff
  
trace
  - location: 6 (remaining gas: 1039994.740 units remaining)
    [ (Pair Unit 0)  	 ]
  - location: 7 (remaining gas: 1039994.430 units remaining)
    [ Unit  	 ]
  - location: 8 (remaining gas: 1039779.414 units remaining)
    [ 1000000  	@balance
      Unit  	 ]
  - location: 9 (remaining gas: 1039779.414 units remaining)
    [ {}  	
      1000000  	@balance
      Unit  	 ]
  - location: 11 (remaining gas: 1039779.414 units remaining)
    [ (Pair {} 1000000)  	
      Unit  	 ]
  - location: -1 (remaining gas: 1039779.414 units remaining)
    [ (Pair {} 1000000)  	
      Unit  	 ]

