tests/test_contract_opcodes.py::TestContractOpcodes::test_contract_input_output[get_map_value.tz-(Pair None { Elt "hello" "hi" })-"hello"-(Pair (Some "hi") { Elt "hello" "hi" })]

storage
  (Pair (Some "hi") { Elt "hello" "hi" })
emitted operations
  
big_map diff
  
trace
  - location: 11 (remaining gas: 1039984.873 units remaining)
    [ (Pair "hello" None { Elt "hello" "hi" })  	 ]
  - location: 12 (remaining gas: 1039984.233 units remaining)
    [ (Pair "hello" None { Elt "hello" "hi" })  	
      (Pair "hello" None { Elt "hello" "hi" })  	
      Unit  	 ]
  - location: 13 (remaining gas: 1039984.233 units remaining)
    [ "hello"  	@parameter
      (Pair "hello" None { Elt "hello" "hi" })  	
      Unit  	 ]
  - location: 14 (remaining gas: 1039984.233 units remaining)
    [ (Pair "hello" None { Elt "hello" "hi" })  	
      Unit  	 ]
  - location: 17 (remaining gas: 1039984.233 units remaining)
    [ (Pair None { Elt "hello" "hi" })  	@storage
      Unit  	 ]
  - location: 18 (remaining gas: 1039984.233 units remaining)
    [ { Elt "hello" "hi" }  	
      Unit  	 ]
  - location: -1 (remaining gas: 1039984.233 units remaining)
    [ { Elt "hello" "hi" }  	
      Unit  	 ]
  - location: 19 (remaining gas: 1039984.233 units remaining)
    [ { Elt "hello" "hi" }  	
      { Elt "hello" "hi" }  	
      Unit  	 ]
  - location: -1 (remaining gas: 1039984.233 units remaining)
    [ { Elt "hello" "hi" }  	
      { Elt "hello" "hi" }  	
      Unit  	 ]
  - location: 15 (remaining gas: 1039984.233 units remaining)
    [ "hello"  	@parameter
      { Elt "hello" "hi" }  	
      { Elt "hello" "hi" }  	
      Unit  	 ]
  - location: 20 (remaining gas: 1039984.153 units remaining)
    [ (Some "hi")  	
      { Elt "hello" "hi" }  	
      Unit  	 ]
  - location: 21 (remaining gas: 1039984.073 units remaining)
    [ (Pair (Some "hi") { Elt "hello" "hi" })  	
      Unit  	 ]
  - location: 22 (remaining gas: 1039983.993 units remaining)
    [ {}  	
      (Pair (Some "hi") { Elt "hello" "hi" })  	
      Unit  	 ]
  - location: 24 (remaining gas: 1039983.913 units remaining)
    [ (Pair {} (Some "hi") { Elt "hello" "hi" })  	
      Unit  	 ]
  - location: -1 (remaining gas: 1039983.843 units remaining)
    [ (Pair {} (Some "hi") { Elt "hello" "hi" })  	
      Unit  	 ]

