tests/test_contract_opcodes.py::TestContractOpcodes::test_contract_input_output[set_size.tz-111-{ 1 ; 2 ; 3 }-3]

storage
  3
emitted operations
  
big_map diff
  
trace
  - location: 7 (remaining gas: 1039993.310 units remaining)
    [ (Pair { 1 ; 2 ; 3 } 111)  	 ]
  - location: 8 (remaining gas: 1039993.230 units remaining)
    [ { 1 ; 2 ; 3 }  	@parameter
      Unit  	 ]
  - location: 9 (remaining gas: 1039993.150 units remaining)
    [ 3  	
      Unit  	 ]
  - location: 10 (remaining gas: 1039993.070 units remaining)
    [ {}  	
      3  	
      Unit  	 ]
  - location: 12 (remaining gas: 1039992.990 units remaining)
    [ (Pair {} 3)  	
      Unit  	 ]
  - location: -1 (remaining gas: 1039992.920 units remaining)
    [ (Pair {} 3)  	
      Unit  	 ]

