tests/test_contract_opcodes.py::TestContractOpcodes::test_big_map_magic[(Left (Pair { Elt "1" "one" } { Elt "2" "two" }))-(Right (Left (Right Unit)))-(Right Unit)-big_map_diff2]

storage
  (Right Unit)
emitted operations
  
big_map diff
  
trace
  - location: 42 (remaining gas: 1039921.954 units remaining)
    [ (Pair (Right (Left (Right Unit))) (Left (Pair { Elt "1" "one" } { Elt "2" "two" })))  	 ]
  - location: 43 (remaining gas: 1039921.874 units remaining)
    [ (Right (Left (Right Unit)))  	@parameter
      (Left (Pair { Elt "1" "one" } { Elt "2" "two" }))  	@storage
      Unit  	 ]
  - location: 44 (remaining gas: 1039921.784 units remaining)
    [ (Left (Right Unit))  	@parameter.right
      (Left (Pair { Elt "1" "one" } { Elt "2" "two" }))  	@storage
      Unit  	 ]
  - location: 60 (remaining gas: 1039921.694 units remaining)
    [ (Right Unit)  	@parameter.right.reset
      (Left (Pair { Elt "1" "one" } { Elt "2" "two" }))  	@storage
      Unit  	 ]
  - location: 62 (remaining gas: 1039921.624 units remaining)
    [ (Left (Pair { Elt "1" "one" } { Elt "2" "two" }))  	@storage
      (Right Unit)  	@parameter.right.reset
      Unit  	 ]
  - location: 63 (remaining gas: 1039921.544 units remaining)
    [ (Right Unit)  	@parameter.right.reset
      Unit  	 ]
  - location: -1 (remaining gas: 1039921.474 units remaining)
    [ (Right Unit)  	
      Unit  	 ]
  - location: 59 (remaining gas: 1039921.404 units remaining)
    [ (Right Unit)  	
      Unit  	 ]
  - location: 151 (remaining gas: 1039921.324 units remaining)
    [ {}  	
      (Right Unit)  	
      Unit  	 ]
  - location: 153 (remaining gas: 1039921.244 units remaining)
    [ (Pair {} (Right Unit))  	
      Unit  	 ]
  - location: -1 (remaining gas: 1039921.174 units remaining)
    [ (Pair {} (Right Unit))  	
      Unit  	 ]

