tests/test_contract_opcodes.py::TestContractOpcodes::test_contract_input_output[ediv_mutez.tz-(Left None)-(Pair 10 (Right 10))-(Right (Some (Pair 1 0)))]

storage
  (Right (Some (Pair 1 0)))
emitted operations
  
big_map diff
  
trace
  - location: 18 (remaining gas: 1039982.170 units remaining)
    [ (Pair (Pair 10 (Right 10)) (Left None))  	 ]
  - location: 19 (remaining gas: 1039981.940 units remaining)
    [ (Pair 10 (Right 10))  	@parameter
      Unit  	 ]
  - location: 20 (remaining gas: 1039981.940 units remaining)
    [ 10  	
      (Right 10)  	
      Unit  	 ]
  - location: 21 (remaining gas: 1039981.940 units remaining)
    [ (Right 10)  	
      10  	
      Unit  	 ]
  - location: 22 (remaining gas: 1039981.850 units remaining)
    [ 10  	
      10  	
      Unit  	 ]
  - location: 32 (remaining gas: 1039981.780 units remaining)
    [ 10  	
      10  	
      Unit  	 ]
  - location: 33 (remaining gas: 1039981.480 units remaining)
    [ (Some (Pair 1 0))  	
      Unit  	 ]
  - location: 34 (remaining gas: 1039981.400 units remaining)
    [ (Right (Some (Pair 1 0)))  	
      Unit  	 ]
  - location: -1 (remaining gas: 1039981.330 units remaining)
    [ (Right (Some (Pair 1 0)))  	
      Unit  	 ]
  - location: 39 (remaining gas: 1039981.250 units remaining)
    [ {}  	
      (Right (Some (Pair 1 0)))  	
      Unit  	 ]
  - location: 41 (remaining gas: 1039981.170 units remaining)
    [ (Pair {} (Right (Some (Pair 1 0))))  	
      Unit  	 ]
  - location: -1 (remaining gas: 1039981.100 units remaining)
    [ (Pair {} (Right (Some (Pair 1 0))))  	
      Unit  	 ]

