tests/test_contract_opcodes.py::TestContractOpcodes::test_contract_input_output[map_id.tz-{}-{ Elt 0 1 }-{ Elt 0 1 }]

storage
  { Elt 0 1 }
emitted operations
  
big_map diff
  
trace
  - location: 10 (remaining gas: 1039993.990 units remaining)
    [ (Pair { Elt 0 1 } {})  	 ]
  - location: 11 (remaining gas: 1039993.680 units remaining)
    [ { Elt 0 1 }  	@parameter
      Unit  	 ]
  - location: 12 (remaining gas: 1039993.680 units remaining)
    [ {}  	
      { Elt 0 1 }  	@parameter
      Unit  	 ]
  - location: 14 (remaining gas: 1039993.680 units remaining)
    [ (Pair {} { Elt 0 1 })  	
      Unit  	 ]
  - location: -1 (remaining gas: 1039993.680 units remaining)
    [ (Pair {} { Elt 0 1 })  	
      Unit  	 ]

