tests/test_contract_opcodes.py::TestContractOpcodes::test_contract_input_output[diff_timestamps.tz-111-(Pair 1 0)-1]

storage
  1
emitted operations
  
big_map diff
  
trace
  - location: 8 (remaining gas: 1039990.200 units remaining)
    [ (Pair (Pair "1970-01-01T00:00:01Z" "1970-01-01T00:00:00Z") 111)  	 ]
  - location: 9 (remaining gas: 1039989.710 units remaining)
    [ (Pair "1970-01-01T00:00:01Z" "1970-01-01T00:00:00Z")  	@parameter
      Unit  	 ]
  - location: 10 (remaining gas: 1039989.710 units remaining)
    [ (Pair "1970-01-01T00:00:01Z" "1970-01-01T00:00:00Z")  	@parameter
      (Pair "1970-01-01T00:00:01Z" "1970-01-01T00:00:00Z")  	@parameter
      Unit  	 ]
  - location: 11 (remaining gas: 1039989.710 units remaining)
    [ "1970-01-01T00:00:01Z"  	
      (Pair "1970-01-01T00:00:01Z" "1970-01-01T00:00:00Z")  	@parameter
      Unit  	 ]
  - location: 12 (remaining gas: 1039989.710 units remaining)
    [ (Pair "1970-01-01T00:00:01Z" "1970-01-01T00:00:00Z")  	@parameter
      Unit  	 ]
  - location: 14 (remaining gas: 1039989.710 units remaining)
    [ "1970-01-01T00:00:00Z"  	
      Unit  	 ]
  - location: 13 (remaining gas: 1039989.710 units remaining)
    [ "1970-01-01T00:00:00Z"  	
      Unit  	 ]
  - location: 13 (remaining gas: 1039989.710 units remaining)
    [ "1970-01-01T00:00:01Z"  	
      "1970-01-01T00:00:00Z"  	
      Unit  	 ]
  - location: 15 (remaining gas: 1039989.630 units remaining)
    [ 1  	
      Unit  	 ]
  - location: 16 (remaining gas: 1039989.550 units remaining)
    [ {}  	
      1  	
      Unit  	 ]
  - location: 18 (remaining gas: 1039989.470 units remaining)
    [ (Pair {} 1)  	
      Unit  	 ]
  - location: -1 (remaining gas: 1039989.400 units remaining)
    [ (Pair {} 1)  	
      Unit  	 ]

