tests/test_contract_opcodes.py::TestContractOpcodes::test_contract_input_output[or_binary.tz-None-(Pair 14 1)-(Some 15)]

storage
  (Some 15)
emitted operations
  
big_map diff
  
trace
  - location: 9 (remaining gas: 1039992.120 units remaining)
    [ (Pair (Pair 14 1) None)  	 ]
  - location: 10 (remaining gas: 1039991.960 units remaining)
    [ (Pair 14 1)  	@parameter
      Unit  	 ]
  - location: 11 (remaining gas: 1039991.960 units remaining)
    [ 14  	
      1  	
      Unit  	 ]
  - location: 12 (remaining gas: 1039991.880 units remaining)
    [ 15  	
      Unit  	 ]
  - location: 13 (remaining gas: 1039991.570 units remaining)
    [ (Some 15)  	
      Unit  	 ]
  - location: 14 (remaining gas: 1039991.570 units remaining)
    [ {}  	
      (Some 15)  	
      Unit  	 ]
  - location: 16 (remaining gas: 1039991.570 units remaining)
    [ (Pair {} (Some 15))  	
      Unit  	 ]
  - location: -1 (remaining gas: 1039991.570 units remaining)
    [ (Pair {} (Some 15))  	
      Unit  	 ]

