tests/test_contract_opcodes.py::TestContractOpcodes::test_contract_input_output[xor.tz-None-Left (Pair True False)-(Some (Left True))]

storage
  (Some (Left True))
emitted operations
  
big_map diff
  
trace
  - location: 15 (remaining gas: 1039986.120 units remaining)
    [ (Pair (Left (Pair True False)) None)  	 ]
  - location: 16 (remaining gas: 1039986.040 units remaining)
    [ (Left (Pair True False))  	@parameter
      Unit  	 ]
  - location: 17 (remaining gas: 1039985.950 units remaining)
    [ (Pair True False)  	@parameter.left
      Unit  	 ]
  - location: 19 (remaining gas: 1039985.870 units remaining)
    [ True  	
      False  	
      Unit  	 ]
  - location: 20 (remaining gas: 1039985.770 units remaining)
    [ True  	
      Unit  	 ]
  - location: 21 (remaining gas: 1039985.690 units remaining)
    [ (Left True)  	
      Unit  	 ]
  - location: -1 (remaining gas: 1039985.620 units remaining)
    [ (Left True)  	
      Unit  	 ]
  - location: 28 (remaining gas: 1039985.540 units remaining)
    [ (Some (Left True))  	
      Unit  	 ]
  - location: 29 (remaining gas: 1039985.460 units remaining)
    [ {}  	
      (Some (Left True))  	
      Unit  	 ]
  - location: 31 (remaining gas: 1039985.380 units remaining)
    [ (Pair {} (Some (Left True)))  	
      Unit  	 ]
  - location: -1 (remaining gas: 1039985.310 units remaining)
    [ (Pair {} (Some (Left True)))  	
      Unit  	 ]

