tests/test_contract_opcodes.py::TestContractOpcodes::test_contract_input_output[bls12_381_fr_push_bytes_not_padded.tz-None-Unit-(Some 0x0000000000000000000000000000000000000000000000000000000000000000)]

storage
  (Some 0x0000000000000000000000000000000000000000000000000000000000000000)
emitted operations
  
big_map diff
  
trace
  - location: 7 (remaining gas: 1039993.230 units remaining)
    [ (Pair Unit None)  	 ]
  - location: 8 (remaining gas: 1039993.150 units remaining)
    [ Unit  	 ]
  - location: 9 (remaining gas: 1039993.070 units remaining)
    [ 0x0000000000000000000000000000000000000000000000000000000000000000  	
      Unit  	 ]
  - location: 12 (remaining gas: 1039992.990 units remaining)
    [ (Some 0x0000000000000000000000000000000000000000000000000000000000000000)  	
      Unit  	 ]
  - location: 13 (remaining gas: 1039992.910 units remaining)
    [ {}  	
      (Some 0x0000000000000000000000000000000000000000000000000000000000000000)  	
      Unit  	 ]
  - location: 15 (remaining gas: 1039992.830 units remaining)
    [ (Pair {}
            (Some 0x0000000000000000000000000000000000000000000000000000000000000000))  	
      Unit  	 ]
  - location: -1 (remaining gas: 1039992.760 units remaining)
    [ (Pair {}
            (Some 0x0000000000000000000000000000000000000000000000000000000000000000))  	
      Unit  	 ]

