tests/test_contract_opcodes.py::TestContractOpcodes::test_contract_input_output[loop_left.tz-{""}-{}-{}]

storage
  {}
emitted operations
  
big_map diff
  
trace
  - location: 8 (remaining gas: 1039977.656 units remaining)
    [ (Pair {} { "" })  	 ]
  - location: 9 (remaining gas: 1039977.576 units remaining)
    [ {}  	@parameter
      Unit  	 ]
  - location: 10 (remaining gas: 1039977.496 units remaining)
    [ {}  	
      {}  	@parameter
      Unit  	 ]
  - location: 12 (remaining gas: 1039977.426 units remaining)
    [ {}  	@parameter
      {}  	
      Unit  	 ]
  - location: 13 (remaining gas: 1039977.346 units remaining)
    [ (Pair {} {})  	
      Unit  	 ]
  - location: 14 (remaining gas: 1039977.266 units remaining)
    [ (Left (Pair {} {}))  	
      Unit  	 ]
  - location: 17 (remaining gas: 1039977.186 units remaining)
    [ (Pair {} {})  	
      Unit  	 ]
  - location: 19 (remaining gas: 1039977.106 units remaining)
    [ (Pair {} {})  	
      (Pair {} {})  	
      Unit  	 ]
  - location: 20 (remaining gas: 1039977.026 units remaining)
    [ {}  	@parameter
      (Pair {} {})  	
      Unit  	 ]
  - location: 21 (remaining gas: 1039976.926 units remaining)
    [ (Pair {} {})  	
      Unit  	 ]
  - location: 23 (remaining gas: 1039976.846 units remaining)
    [ {}  	
      Unit  	 ]
  - location: 22 (remaining gas: 1039976.776 units remaining)
    [ {}  	
      Unit  	 ]
  - location: 22 (remaining gas: 1039976.776 units remaining)
    [ {}  	
      Unit  	 ]
  - location: 22 (remaining gas: 1039976.696 units remaining)
    [ {}  	@parameter
      {}  	
      Unit  	 ]
  - location: 24 (remaining gas: 1039976.586 units remaining)
    [ {}  	
      Unit  	 ]
  - location: 35 (remaining gas: 1039976.506 units remaining)
    [ (Right {})  	
      Unit  	 ]
  - location: 34 (remaining gas: 1039976.436 units remaining)
    [ (Right {})  	
      Unit  	 ]
  - location: -1 (remaining gas: 1039976.366 units remaining)
    [ (Right {})  	
      Unit  	 ]
  - location: 18 (remaining gas: 1039976.366 units remaining)
    [ (Right {})  	
      Unit  	 ]
  - location: 17 (remaining gas: 1039976.286 units remaining)
    [ {}  	
      Unit  	 ]
  - location: 41 (remaining gas: 1039976.206 units remaining)
    [ {}  	
      {}  	
      Unit  	 ]
  - location: 43 (remaining gas: 1039976.126 units remaining)
    [ (Pair {} {})  	
      Unit  	 ]
  - location: -1 (remaining gas: 1039976.056 units remaining)
    [ (Pair {} {})  	
      Unit  	 ]

