tests/test_contract_opcodes.py::TestContractOpcodes::test_contract_input_output[dip.tz-(Pair 0 0)-(Pair 15 9)-(Pair 15 24)]

storage
  (Pair 15 24)
emitted operations
  
big_map diff
  
trace
  - location: 10 (remaining gas: 1039989.600 units remaining)
    [ (Pair (Pair 15 9) 0 0)  	 ]
  - location: 11 (remaining gas: 1039989.520 units remaining)
    [ (Pair 15 9)  	@parameter
      Unit  	 ]
  - location: 12 (remaining gas: 1039989.440 units remaining)
    [ 15  	
      9  	
      Unit  	 ]
  - location: 13 (remaining gas: 1039989.360 units remaining)
    [ 15  	
      15  	
      9  	
      Unit  	 ]
  - location: 14 (remaining gas: 1039989.260 units remaining)
    [ 15  	
      9  	
      Unit  	 ]
  - location: 16 (remaining gas: 1039989.180 units remaining)
    [ 24  	
      Unit  	 ]
  - location: 15 (remaining gas: 1039989.110 units remaining)
    [ 24  	
      Unit  	 ]
  - location: 15 (remaining gas: 1039989.110 units remaining)
    [ 24  	
      Unit  	 ]
  - location: 15 (remaining gas: 1039989.030 units remaining)
    [ 15  	
      24  	
      Unit  	 ]
  - location: 17 (remaining gas: 1039988.950 units remaining)
    [ (Pair 15 24)  	
      Unit  	 ]
  - location: 18 (remaining gas: 1039988.870 units remaining)
    [ {}  	
      (Pair 15 24)  	
      Unit  	 ]
  - location: 20 (remaining gas: 1039988.790 units remaining)
    [ (Pair {} 15 24)  	
      Unit  	 ]
  - location: -1 (remaining gas: 1039988.720 units remaining)
    [ (Pair {} 15 24)  	
      Unit  	 ]

