tests/test_contract_opcodes.py::TestContractOpcodes::test_contract_input_output[map_map.tz-{ Elt "foo" 1 }-10-{ Elt "foo" 11 }]

storage
  { Elt "foo" 11 }
emitted operations
  
big_map diff
  
trace
  - location: 8 (remaining gas: 1039987.916 units remaining)
    [ (Pair 10 { Elt "foo" 1 })  	 ]
  - location: 9 (remaining gas: 1039987.836 units remaining)
    [ 10  	@parameter
      { Elt "foo" 1 }  	@storage
      Unit  	 ]
  - location: 10 (remaining gas: 1039987.766 units remaining)
    [ { Elt "foo" 1 }  	@storage
      10  	@parameter
      Unit  	 ]
  - location: 11 (remaining gas: 1039986.925 units remaining)
    [ 10  	@parameter
      Unit  	 ]
  - location: 11 (remaining gas: 1039986.925 units remaining)
    [ (Pair "foo" 1)  	
      10  	@parameter
      Unit  	 ]
  - location: 13 (remaining gas: 1039986.845 units remaining)
    [ 1  	@elt
      10  	@parameter
      Unit  	 ]
  - location: 14 (remaining gas: 1039986.745 units remaining)
    [ 10  	@parameter
      Unit  	 ]
  - location: 16 (remaining gas: 1039986.665 units remaining)
    [ 10  	@parameter
      10  	@parameter
      Unit  	 ]
  - location: 15 (remaining gas: 1039986.595 units remaining)
    [ 10  	@parameter
      10  	@parameter
      Unit  	 ]
  - location: 15 (remaining gas: 1039986.595 units remaining)
    [ 10  	@parameter
      10  	@parameter
      Unit  	 ]
  - location: 15 (remaining gas: 1039986.515 units remaining)
    [ 1  	@elt
      10  	@parameter
      10  	@parameter
      Unit  	 ]
  - location: 17 (remaining gas: 1039986.435 units remaining)
    [ 11  	
      10  	@parameter
      Unit  	 ]
  - location: -1 (remaining gas: 1039986.365 units remaining)
    [ 11  	
      10  	@parameter
      Unit  	 ]
  - location: 12 (remaining gas: 1039986.365 units remaining)
    [ 11  	
      10  	@parameter
      Unit  	 ]
  - location: 11 (remaining gas: 1039986.365 units remaining)
    [ 10  	@parameter
      Unit  	 ]
  - location: 11 (remaining gas: 1039986.365 units remaining)
    [ { Elt "foo" 11 }  	
      10  	@parameter
      Unit  	 ]
  - location: 18 (remaining gas: 1039986.265 units remaining)
    [ 10  	@parameter
      Unit  	 ]
  - location: 20 (remaining gas: 1039986.185 units remaining)
    [ Unit  	 ]
  - location: 19 (remaining gas: 1039986.115 units remaining)
    [ Unit  	 ]
  - location: 19 (remaining gas: 1039986.115 units remaining)
    [ Unit  	 ]
  - location: 19 (remaining gas: 1039986.035 units remaining)
    [ { Elt "foo" 11 }  	
      Unit  	 ]
  - location: 21 (remaining gas: 1039985.955 units remaining)
    [ {}  	
      { Elt "foo" 11 }  	
      Unit  	 ]
  - location: 23 (remaining gas: 1039985.875 units remaining)
    [ (Pair {} { Elt "foo" 11 })  	
      Unit  	 ]
  - location: -1 (remaining gas: 1039985.805 units remaining)
    [ (Pair {} { Elt "foo" 11 })  	
      Unit  	 ]

