tests/test_contract_opcodes.py::TestContractOpcodes::test_contract_input_output[reverse_loop.tz-{""}-{}-{}]

storage
  {}
emitted operations
  
big_map diff
  
trace
  - location: 8 (remaining gas: 1039982.766 units remaining)
    [ (Pair {} { "" })  	 ]
  - location: 9 (remaining gas: 1039982.456 units remaining)
    [ {}  	@parameter
      Unit  	 ]
  - location: 10 (remaining gas: 1039982.456 units remaining)
    [ {}  	
      {}  	@parameter
      Unit  	 ]
  - location: 12 (remaining gas: 1039982.456 units remaining)
    [ {}  	@parameter
      {}  	
      Unit  	 ]
  - location: 13 (remaining gas: 1039982.456 units remaining)
    [ True  	
      {}  	@parameter
      {}  	
      Unit  	 ]
  - location: 16 (remaining gas: 1039982.386 units remaining)
    [ {}  	@parameter
      {}  	
      Unit  	 ]
  - location: 18 (remaining gas: 1039982.276 units remaining)
    [ {}  	
      Unit  	 ]
  - location: 28 (remaining gas: 1039982.196 units remaining)
    [ {}  	
      {}  	
      Unit  	 ]
  - location: 30 (remaining gas: 1039982.116 units remaining)
    [ False  	
      {}  	
      {}  	
      Unit  	 ]
  - location: -1 (remaining gas: 1039982.046 units remaining)
    [ False  	
      {}  	
      {}  	
      Unit  	 ]
  - location: 17 (remaining gas: 1039981.976 units remaining)
    [ False  	
      {}  	
      {}  	
      Unit  	 ]
  - location: 16 (remaining gas: 1039981.906 units remaining)
    [ {}  	@parameter
      {}  	
      Unit  	 ]
  - location: 33 (remaining gas: 1039981.596 units remaining)
    [ {}  	
      Unit  	 ]
  - location: 34 (remaining gas: 1039981.596 units remaining)
    [ {}  	
      {}  	
      Unit  	 ]
  - location: 36 (remaining gas: 1039981.596 units remaining)
    [ (Pair {} {})  	
      Unit  	 ]
  - location: -1 (remaining gas: 1039981.596 units remaining)
    [ (Pair {} {})  	
      Unit  	 ]

