tests/test_contract_opcodes.py::TestContractOpcodes::test_contract_input_output[list_size.tz-111-{}-0]

storage
  0
emitted operations
  
big_map diff
  
trace
  - location: 7 (remaining gas: 1039994.570 units remaining)
    [ (Pair {} 111)  	 ]
  - location: 8 (remaining gas: 1039994.490 units remaining)
    [ {}  	@parameter
      Unit  	 ]
  - location: 9 (remaining gas: 1039994.410 units remaining)
    [ 0  	
      Unit  	 ]
  - location: 10 (remaining gas: 1039994.330 units remaining)
    [ {}  	
      0  	
      Unit  	 ]
  - location: 12 (remaining gas: 1039994.250 units remaining)
    [ (Pair {} 0)  	
      Unit  	 ]
  - location: -1 (remaining gas: 1039994.180 units remaining)
    [ (Pair {} 0)  	
      Unit  	 ]

