tests/test_contract_opcodes.py::TestContractOpcodes::test_contract_input_output[get_and_update_map.tz-(Pair (Some 4) {})-"hello"-(Pair None { Elt "hello" 4 })]

storage
  (Pair None { Elt "hello" 4 })
emitted operations
  
big_map diff
  
trace
  - location: 11 (remaining gas: 1039989.571 units remaining)
    [ (Pair "hello" (Some 4) {})  	 ]
  - location: 13 (remaining gas: 1039989.241 units remaining)
    [ "hello"  	@parameter
      (Pair (Some 4) {})  	@storage
      Unit  	 ]
  - location: 14 (remaining gas: 1039989.241 units remaining)
    [ (Pair (Some 4) {})  	@storage
      Unit  	 ]
  - location: 16 (remaining gas: 1039989.241 units remaining)
    [ (Some 4)  	
      {}  	
      Unit  	 ]
  - location: 15 (remaining gas: 1039989.241 units remaining)
    [ (Some 4)  	
      {}  	
      Unit  	 ]
  - location: 15 (remaining gas: 1039989.241 units remaining)
    [ "hello"  	@parameter
      (Some 4)  	
      {}  	
      Unit  	 ]
  - location: -1 (remaining gas: 1039989.171 units remaining)
    [ "hello"  	@parameter
      (Some 4)  	
      {}  	
      Unit  	 ]
  - location: 17 (remaining gas: 1039989.011 units remaining)
    [ None  	
      { Elt "hello" 4 }  	
      Unit  	 ]
  - location: 18 (remaining gas: 1039988.931 units remaining)
    [ (Pair None { Elt "hello" 4 })  	
      Unit  	 ]
  - location: 19 (remaining gas: 1039988.851 units remaining)
    [ {}  	
      (Pair None { Elt "hello" 4 })  	
      Unit  	 ]
  - location: 21 (remaining gas: 1039988.771 units remaining)
    [ (Pair {} None { Elt "hello" 4 })  	
      Unit  	 ]
  - location: -1 (remaining gas: 1039988.701 units remaining)
    [ (Pair {} None { Elt "hello" 4 })  	
      Unit  	 ]

