tests/test_contract_opcodes.py::TestContractOpcodes::test_contract_input_output[dign.tz-0-(Pair (Pair (Pair (Pair 1 2) 3) 4) 5)-5]

storage
  5
emitted operations
  
big_map diff
  
trace
  - location: 14 (remaining gas: 1039984.510 units remaining)
    [ (Pair (Pair (Pair (Pair (Pair 1 2) 3) 4) 5) 0)  	 ]
  - location: 15 (remaining gas: 1039984.430 units remaining)
    [ (Pair (Pair (Pair (Pair 1 2) 3) 4) 5)  	@parameter
      Unit  	 ]
  - location: 16 (remaining gas: 1039984.350 units remaining)
    [ (Pair (Pair (Pair 1 2) 3) 4)  	
      5  	
      Unit  	 ]
  - location: 17 (remaining gas: 1039984.270 units remaining)
    [ (Pair (Pair 1 2) 3)  	
      4  	
      5  	
      Unit  	 ]
  - location: 18 (remaining gas: 1039984.190 units remaining)
    [ (Pair 1 2)  	
      3  	
      4  	
      5  	
      Unit  	 ]
  - location: 19 (remaining gas: 1039984.110 units remaining)
    [ 1  	
      2  	
      3  	
      4  	
      5  	
      Unit  	 ]
  - location: 20 (remaining gas: 1039983.994 units remaining)
    [ 5  	
      1  	
      2  	
      3  	
      4  	
      Unit  	 ]
  - location: 22 (remaining gas: 1039983.894 units remaining)
    [ 1  	
      2  	
      3  	
      4  	
      Unit  	 ]
  - location: 24 (remaining gas: 1039983.814 units remaining)
    [ 2  	
      3  	
      4  	
      Unit  	 ]
  - location: 25 (remaining gas: 1039983.734 units remaining)
    [ 3  	
      4  	
      Unit  	 ]
  - location: 26 (remaining gas: 1039983.654 units remaining)
    [ 4  	
      Unit  	 ]
  - location: 27 (remaining gas: 1039983.574 units remaining)
    [ Unit  	 ]
  - location: -1 (remaining gas: 1039983.504 units remaining)
    [ Unit  	 ]
  - location: 23 (remaining gas: 1039983.504 units remaining)
    [ Unit  	 ]
  - location: 23 (remaining gas: 1039983.424 units remaining)
    [ 5  	
      Unit  	 ]
  - location: 28 (remaining gas: 1039983.344 units remaining)
    [ {}  	
      5  	
      Unit  	 ]
  - location: 30 (remaining gas: 1039983.264 units remaining)
    [ (Pair {} 5)  	
      Unit  	 ]
  - location: -1 (remaining gas: 1039983.194 units remaining)
    [ (Pair {} 5)  	
      Unit  	 ]

