tests/test_contract_opcodes.py::TestContractOpcodes::test__big_map_contract_io[get_big_map_value.tz-(Pair { Elt "1" "one" ; Elt "2" "two" } None)-"1"-(Pair 0 (Some "one"))-big_map_diff2]

storage
  (Pair 0 (Some "one"))
emitted operations
  
big_map diff
  New map(0) of type (big_map string string)
  Set map(0)["1"] to "one"
  Set map(0)["2"] to "two"
trace
  - location: 11 (remaining gas: 1039982.525 units remaining)
    [ (Pair "1" { Elt "1" "one" ; Elt "2" "two" } None)  	 ]
  - location: 12 (remaining gas: 1039982.445 units remaining)
    [ (Pair "1" { Elt "1" "one" ; Elt "2" "two" } None)  	
      (Pair "1" { Elt "1" "one" ; Elt "2" "two" } None)  	
      Unit  	 ]
  - location: 13 (remaining gas: 1039982.365 units remaining)
    [ "1"  	@parameter
      (Pair "1" { Elt "1" "one" ; Elt "2" "two" } None)  	
      Unit  	 ]
  - location: 14 (remaining gas: 1039982.265 units remaining)
    [ (Pair "1" { Elt "1" "one" ; Elt "2" "two" } None)  	
      Unit  	 ]
  - location: 17 (remaining gas: 1039982.185 units remaining)
    [ (Pair { Elt "1" "one" ; Elt "2" "two" } None)  	@storage
      Unit  	 ]
  - location: 18 (remaining gas: 1039982.105 units remaining)
    [ { Elt "1" "one" ; Elt "2" "two" }  	
      Unit  	 ]
  - location: -1 (remaining gas: 1039982.035 units remaining)
    [ { Elt "1" "one" ; Elt "2" "two" }  	
      Unit  	 ]
  - location: 19 (remaining gas: 1039981.955 units remaining)
    [ { Elt "1" "one" ; Elt "2" "two" }  	
      { Elt "1" "one" ; Elt "2" "two" }  	
      Unit  	 ]
  - location: -1 (remaining gas: 1039981.885 units remaining)
    [ { Elt "1" "one" ; Elt "2" "two" }  	
      { Elt "1" "one" ; Elt "2" "two" }  	
      Unit  	 ]
  - location: 15 (remaining gas: 1039981.885 units remaining)
    [ { Elt "1" "one" ; Elt "2" "two" }  	
      { Elt "1" "one" ; Elt "2" "two" }  	
      Unit  	 ]
  - location: 15 (remaining gas: 1039981.805 units remaining)
    [ "1"  	@parameter
      { Elt "1" "one" ; Elt "2" "two" }  	
      { Elt "1" "one" ; Elt "2" "two" }  	
      Unit  	 ]
  - location: 20 (remaining gas: 1039981.725 units remaining)
    [ (Some "one")  	
      { Elt "1" "one" ; Elt "2" "two" }  	
      Unit  	 ]
  - location: 21 (remaining gas: 1039981.655 units remaining)
    [ { Elt "1" "one" ; Elt "2" "two" }  	
      (Some "one")  	
      Unit  	 ]
  - location: 22 (remaining gas: 1039981.575 units remaining)
    [ (Pair { Elt "1" "one" ; Elt "2" "two" } (Some "one"))  	
      Unit  	 ]
  - location: 23 (remaining gas: 1039981.495 units remaining)
    [ {}  	
      (Pair { Elt "1" "one" ; Elt "2" "two" } (Some "one"))  	
      Unit  	 ]
  - location: 25 (remaining gas: 1039981.415 units remaining)
    [ (Pair {} { Elt "1" "one" ; Elt "2" "two" } (Some "one"))  	
      Unit  	 ]
  - location: -1 (remaining gas: 1039981.345 units remaining)
    [ (Pair {} { Elt "1" "one" ; Elt "2" "two" } (Some "one"))  	
      Unit  	 ]

