tests/test_contract_opcodes.py::TestContractOpcodes::test_contract_input_output[slice.tz-Some "Foo"-Pair 1 1-(Some "o")]

storage
  (Some "o")
emitted operations
  
big_map diff
  
trace
  - location: 9 (remaining gas: 1039988.031 units remaining)
    [ (Pair (Pair 1 1) (Some "Foo"))  	 ]
  - location: 10 (remaining gas: 1039987.881 units remaining)
    [ (Pair 1 1)  	@parameter
      (Some "Foo")  	@storage
      Unit  	 ]
  - location: 11 (remaining gas: 1039987.881 units remaining)
    [ (Some "Foo")  	@storage
      (Pair 1 1)  	@parameter
      Unit  	 ]
  - location: 13 (remaining gas: 1039987.801 units remaining)
    [ "Foo"  	@storage.some
      (Pair 1 1)  	@parameter
      Unit  	 ]
  - location: 19 (remaining gas: 1039987.651 units remaining)
    [ (Pair 1 1)  	@parameter
      "Foo"  	@storage.some
      Unit  	 ]
  - location: 20 (remaining gas: 1039987.651 units remaining)
    [ 1  	
      1  	
      "Foo"  	@storage.some
      Unit  	 ]
  - location: 21 (remaining gas: 1039987.571 units remaining)
    [ (Some "o")  	@storage.some.slice
      Unit  	 ]
  - location: -1 (remaining gas: 1039987.201 units remaining)
    [ (Some "o")  	
      Unit  	 ]
  - location: 12 (remaining gas: 1039987.201 units remaining)
    [ (Some "o")  	
      Unit  	 ]
  - location: 22 (remaining gas: 1039987.201 units remaining)
    [ {}  	
      (Some "o")  	
      Unit  	 ]
  - location: 24 (remaining gas: 1039987.201 units remaining)
    [ (Pair {} (Some "o"))  	
      Unit  	 ]
  - location: -1 (remaining gas: 1039987.201 units remaining)
    [ (Pair {} (Some "o"))  	
      Unit  	 ]

